// Jest Snapshot v1, https://goo.gl/fbAQLP

exports[`renders landing text 1`] = `
<div
  className="src-js-components-screens-Landing-___styles__wrapper___1ia3v"
>
  <header
    className="src-js-components-screens-Landing-___styles__header___2IFnP"
  >
    <h1
      className="src-js-components-screens-Landing-___styles__title___1GTe4"
    >
      Ancestry Coding Challenge
    </h1>
  </header>
  <p
    className="src-js-components-screens-Landing-___styles__intro___2mDAK"
    testid="intro"
  >
    My react app!
  </p>
</div>
`;
